[www.webbytron.com/index.html]
[backblue.gif]
[fade.gif]
[index.html]
[www.webbytron.com/favicon/apple-touch-icon.png]
[www.webbytron.com/favicon/favicon-32x32.png]
[www.webbytron.com/favicon/favicon-16x16.png]
[code.jquery.com/ui/1.12.1/themes/base/jquery-ui.css]
[www.webbytron.com/assets/css/bulma.css]
[www.webbytron.com/assets/css/app.css]
[www.webbytron.com/assets/css/custom.css]
[www.google-analytics.com/analytics.js]
[www.webbytron.com/assets/css/core.css]
[s7.addthis.com/js/300/addthis_widget.js]
[cdn.jsdelivr.net/npm/featherlight@1.7.14/release/featherlight.min.css]
[cdn.jsdelivr.net/npm/featherlight@1.7.14/release/featherlight.min.js]
[code.jquery.com/jquery-latest.js]
[www.webbytron.com/assets/images/logos/logo_white.png]
[bat.bing.com/bat.js]
[www.webbytron.com/assets/images/logos/logo.png]
[www.webbytron.com/assets/images/illustrations/mockups/landing/hero.png]
[www.webbytron.com/assets/images/illustrations/UI/easysetup.jpg]
[www.webbytron.com/assets/images/illustrations/UI/hellowebview.jpg]
[www.webbytron.com/assets/images/illustrations/UI/offlinescreen.jpg]
[www.webbytron.com/assets/images/illustrations/UI/performance.jpg]
[www.webbytron.com/assets/images/illustrations/UI/externalurls.jpg]
[www.webbytron.com/assets/images/illustrations/UI/responsive.jpg]
[www.webbytron.com/assets/images/illustrations/UI/loadingsign.jpg]
[www.webbytron.com/assets/images/illustrations/UI/tabs.jpg]
[www.webbytron.com/assets/images/illustrations/UI/customcss.jpg]
[www.webbytron.com/assets/images/illustrations/UI/cookies_cache.jpg]
[www.webbytron.com/assets/images/illustrations/UI/user-agent.jpg]
[www.webbytron.com/assets/images/illustrations/UI/downloads.jpg]
[www.webbytron.com/assets/images/illustrations/UI/fileuploads.jpg]
[www.webbytron.com/assets/images/illustrations/UI/pushnotifications.jpg]
[www.webbytron.com/assets/images/illustrations/UI/dialogs.jpg]
[www.webbytron.com/assets/images/illustrations/UI/html5.jpg]
[www.webbytron.com/assets/images/illustrations/UI/ads.jpg]
[www.webbytron.com/assets/images/illustrations/UI/qrcodescanner.jpg]
[www.webbytron.com/assets/images/illustrations/UI/inapppurchases.jpg]
[www.webbytron.com/assets/images/illustrations/UI/fallbackmode.jpg]
[www.webbytron.com/assets/images/illustrations/UI/darkmode.jpg]
[www.webbytron.com/assets/images/illustrations/UI/nativesharing.jpg]
[www.webbytron.com/assets/images/illustrations/UI/updates.jpg]
[www.webbytron.com/assets/images/payment1.jpg]
[www.webbytron.com/assets/images/illustrations/UI/androidlogo.png]
[www.webbytron.com/assets/images/payment2.jpg]
[www.webbytron.com/mac/index.html]
[www.webbytron.com/example_icons/8.png]
[www.webbytron.com/assets/images/iosgrey.jpg]
[www.webbytron.com/assets/images/androidgrey.jpg]
[www.webbytron.com/example_icons/9.png]
[www.webbytron.com/example_icons/13.png]
[www.webbytron.com/example_icons/3.png]
[www.webbytron.com/example_icons/4.png]
[www.webbytron.com/example_icons/5b.png]
[www.webbytron.com/example_icons/14.png]
[www.webbytron.com/example_icons/6.png]
[www.webbytron.com/example_icons/12.png]
[www.webbytron.com/example_icons/7.png]
[www.webbytron.com/example_icons/10c.png]
[www.webbytron.com/example_icons/11.png]
[www.webbytron.com/demo-app/app.apk]
[www.webbytron.com/assets/review_images/daniel.jpg]
[www.webbytron.com/assets/review_images/raphaela.jpg]
[www.webbytron.com/assets/review_images/julian.jpg]
[www.webbytron.com/assets/review_images/lucas.jpg]
[www.webbytron.com/assets/review_images/anne_review.jpg]
[www.webbytron.com/assets/review_images/antonio.jpg]
[www.webbytron.com/assets/review_images/nelis.jpg]
[www.webbytron.com/assets/review_images/taha.jpg]
[www.webbytron.com/assets/review_images/shameem.jpg]
[www.webbytron.com/assets/review_images/envatotuts.png]
[www.webbytron.com/assets/review_images/hiboox.png]
[www.webbytron.com/assets/review_images/producthunt.png]
[www.webbytron.com/assets/review_images/3dv.png]
[www.webbytron.com/assets/review_images/websummit.png]
[www.webbytron.com/assets/review_images/webapp2app.png]
[www.webbytron.com/assets/review_images/ideenwerkbw.png]
[www.webbytron.com/assets/review_images/ilounge.png]
[www.webbytron.com/assets/review_images/startupbwsummit.png]
[www.webbytron.com/assets/review_images/instamobile.png]
[www.webbytron.com/assets/review_images/raondigital.png]
[www.webbytron.com/assets/review_images/lgnitedigitalstrategy.png]
[www.webbytron.com/assets/review_images/theopennews.png]
[www.webbytron.com/assets/review_images/rockonthemoney.png]
[www.webbytron.com/assets/review_images/nocodenoproblem.png]
[www.webbytron.com/assets/review_images/websurdity.png]
[www.webbytron.com/assets/review_images/alcowebizer.png]
[www.webbytron.com/assets/review_images/desktoppipeline.png]
[www.webbytron.com/assets/review_images/startupvalley.png]
[www.webbytron.com/assets/review_images/theedgesearch.png]
[www.webbytron.com/assets/review_images/ventsmagazine.png]
[www.webbytron.com/assets/images/support_icon1.png]
[www.webbytron.com/assets/images/support_icon2.png]
[www.webbytron.com/VIDEOCALLMEETINGSCHEDULER.html]
[www.webbytron.com/assets/images/support_icon3.png]
[www.google.com/recaptcha/api.js]
[www.webbytron.com/assets/images/logos/logo_oac.png]
[www.webbytron.com/emoji/1.svg]
[www.webbytron.com/emoji/2.svg]
[www.webbytron.com/docs/android/index.html]
[www.webbytron.com/assets/js/app.js]
[cdnjs.cloudflare.com/ajax/libs/popper.js/1.12.3/umd/popper.min.js]
[code.jquery.com/ui/1.12.1/jquery-ui.js]
[www.webbytron.com/assets/js/landing.js]
[www.webbytron.com/assets/js/auth.js]
[www.webbytron.com/assets/js/main.js]
[www.webbytron.com/index.html]
[www.webbytron.com/favicon/site.html]
[www.webbytron.com/assets/js/typer.js]
[code.jquery.com/ui/1.12.1/themes/base/images/ui-icons_444444_256x240.png]
[code.jquery.com/ui/1.12.1/themes/base/images/ui-icons_555555_256x240.png]
[code.jquery.com/ui/1.12.1/themes/base/images/ui-icons_ffffff_256x240.png]
[code.jquery.com/ui/1.12.1/themes/base/images/ui-icons_777620_256x240.png]
[code.jquery.com/ui/1.12.1/themes/base/images/ui-icons_cc0000_256x240.png]
[code.jquery.com/ui/1.12.1/themes/base/images/ui-icons_777777_256x240.png]
[code.jquery.com/ui/1.12.1/themes/base/jquery-ui.css]
[www.webbytron.com/assets/css/bulma.css]
[www.webbytron.com/assets/css/ajax-loader.gif]
[www.webbytron.com/assets/css/fonts/slick.eot]
[www.webbytron.com/assets/css/fonts/slickd41d.eot]
[www.webbytron.com/assets/css/fonts/slick.woff]
[www.webbytron.com/assets/css/fonts/slick.ttf]
[www.webbytron.com/assets/css/fonts/slick.svg]
[www.webbytron.com/assets/fonts/simple-line-iconsc05f.ttf]
[www.webbytron.com/assets/fonts/material-icons/MaterialIcons-Regular.eot]
[www.webbytron.com/assets/fonts/iconsmindca27.woff]
[www.webbytron.com/assets/css/app.css]
[www.webbytron.com/assets/fonts/material-icons/MaterialIcons-Regular.woff]
[www.webbytron.com/assets/fonts/material-icons/MaterialIcons-Regular.ttf]
[www.webbytron.com/assets/images/illustrations/icons/landing-v1/chrono.svg]
[www.webbytron.com/assets/images/illustrations/icons/landing-v1/tablet-dots.svg]
[www.webbytron.com/assets/images/illustrations/icons/landing-v1/cog.svg]
[www.webbytron.com/assets/css/core.css]
[www.webbytron.com/assets/css/custom.css]
[cdn.jsdelivr.net/npm/featherlight@1.7.14/release/featherlight.min.css]
[www.webbytron.com/download/android/index.html]
[www.webbytron.com/assets/images/illustrations/icons/landing-v1/plane.svg]
[www.webbytron.com/mac/assets/css/app.css]
[www.webbytron.com/mac/assets/images/logo_white.png]
[www.webbytron.com/mac/assets/css/core_green.css]
[www.webbytron.com/mac/assets/css/bulma.css]
[www.webbytron.com/mac/assets/images/logo.png]
[www.webbytron.com/mac/assets/review_img/envatotuts.png]
[www.webbytron.com/mac/assets/review_img/websummit.png]
[www.webbytron.com/mac/assets/review_img/startupbwsummit.png]
[www.webbytron.com/mac/assets/images/illustrations/mockups/landing1/macbook-app.png]
[www.webbytron.com/mac/assets/images/illustrations/icons/landing-v1/chrono.svg]
[www.webbytron.com/mac/assets/images/illustrations/icons/landing-v1/cog.svg]
[www.webbytron.com/mac/assets/images/illustrations/icons/landing-v1/laptop-dots.svg]
[www.webbytron.com/mac/assets/images/illustrations/icons/landing-v1/plane.svg]
[www.webbytron.com/mac/assets/images/mobile.png]
[www.webbytron.com/mac/assets/images/illustrations/icons/landing-v1/globe-pointer.svg]
[www.webbytron.com/mac/assets/images/illustrations/icons/landing-v1/cash.svg]
[www.webbytron.com/mac/assets/images/illustrations/icons/landing-v1/components.svg]
[www.webbytron.com/mac/assets/images/logo_oac.png]
[www.webbytron.com/mac/emoji/1.svg]
[www.webbytron.com/mac/emoji/2.svg]
[www.webbytron.com/mac/assets/js/app.js]
[www.webbytron.com/mac/assets/js/landingv1.js]
[www.webbytron.com/mac/assets/js/auth.js]
[www.webbytron.com/mac/index.html]
[www.webbytron.com/VIDEOCALLMEETINGSCHEDULER.html]
[www.webbytron.com/mac/assets/js/main.js]
[www.webbytron.com/docs/ios/index.html]
[www.webbytron.com/docs/android/assets/blueprint-css/screen.css]
[www.webbytron.com/docs/android/assets/blueprint-css/print.css]
[www.webbytron.com/docs/assets/css/bootstrap-4.3.1-dist/css/bootstrap.css]
[www.webbytron.com/docs/android/assets/blueprint-css/plugins/fancy-type/screen.css]
[www.webbytron.com/favicon/apple-icon-57x57.png]
[www.webbytron.com/favicon/apple-icon-60x60.png]
[www.webbytron.com/favicon/apple-icon-72x72.png]
[www.webbytron.com/favicon/apple-icon-76x76.png]
[www.webbytron.com/favicon/apple-icon-114x114.png]
[www.webbytron.com/favicon/apple-icon-120x120.png]
[www.webbytron.com/favicon/apple-icon-144x144.png]
[www.webbytron.com/favicon/apple-icon-152x152.png]
[www.webbytron.com/favicon/apple-icon-180x180.png]
[www.webbytron.com/favicon/android-icon-192x192.png]
[www.webbytron.com/favicon/favicon-96x96.png]
[stackpath.bootstrapcdn.com/font-awesome/4.7.0/css/font-awesome.min.css]
[cdn.jsdelivr.net/gh/highlightjs/cdn-release@10.2.0/build/styles/default.min.css]
[cdn.jsdelivr.net/gh/highlightjs/cdn-release@10.2.0/build/highlight.min.js]
[www.webbytron.com/docs/assets/css/custom.css]
[www.webbytron.com/favicon/manifest.json]
[www.webbytron.com/docs/assets/images/logo_white.png]
[ajax.googleapis.com/ajax/libs/jquery/3.2.1/jquery.min.js]
[cdnjs.cloudflare.com/ajax/libs/prettify/r298/prettify.min.js]
[cdnjs.cloudflare.com/ajax/libs/prettify/r298/prettify.min.css]
[cdn.jsdelivr.net/gh/fancyapps/fancybox@3.5.7/dist/jquery.fancybox.min.css]
[cdn.jsdelivr.net/gh/fancyapps/fancybox@3.5.7/dist/jquery.fancybox.min.js]
[www.webbytron.com/docs/android/colorbox.css]
[www.webbytron.com/docs/android/colorbox.js]
[www.webbytron.com/docs/android/assets/img/header.png]
[www.webbytron.com/docs/mac/index.html]
[www.webbytron.com/docs/android/assets/img/welcome.png]
[www.webbytron.com/docs/android/assets/img/GetwebbytronForiOS.png]
[www.webbytron.com/docs/android/assets/img/GetwebbytronForMac.png]
[www.webbytron.com/docs/android/assets/img/GetAppRatio.png]
[www.webbytron.com/docs/android/assets/img/androidstudio2020.png]
[www.webbytron.com/docs/android/assets/img/androidstudio_welcome2020.png]
[www.webbytron.com/docs/android/assets/img/filepicker.png]
[www.webbytron.com/docs/android/assets/img/config.png]
[www.webbytron.com/docs/android/assets/img/screenshot_Strings.jpg]
[www.webbytron.com/docs/android/assets/img/screenshot_Dimens.jpg]
[www.webbytron.com/docs/android/assets/img/screenshot_colors.jpg]
[www.webbytron.com/docs/android/assets/img/screenshot_Icon.jpg]
[www.webbytron.com/docs/android/assets/img/roundvsboxicon.png]
[www.webbytron.com/docs/android/assets/img/splashgif.png]
[www.webbytron.com/docs/android/assets/img/splash_timeout.png]
[www.webbytron.com/docs/android/assets/img/externalhost.png]
[www.webbytron.com/docs/android/assets/img/tabs.jpg]
[www.webbytron.com/demo/testlinks.html]
[www.webbytron.com/docs/android/assets/img/custom_css.jpg]
[www.webbytron.com/docs/android/assets/img/onesignal_config.png]
[www.webbytron.com/docs/android/assets/img/onesignal_appid.png]
[www.webbytron.com/docs/android/assets/img/onesignal_newmsg.png]
[www.webbytron.com/docs/android/assets/img/onesignal_deeplinking.png]
[www.webbytron.com/docs/android/assets/img/firebase1.png]
[www.webbytron.com/docs/android/assets/img/firebase2.png]
[www.webbytron.com/docs/android/assets/img/bubblepushplugin-2048x724.jpg]
[www.webbytron.com/docs/android/assets/img/admob1.png]
[www.webbytron.com/docs/android/assets/img/admob2.png]
[www.webbytron.com/docs/android/assets/img/applinks1.png]
[www.webbytron.com/docs/android/assets/img/applinks2.png]
[www.webbytron.com/docs/android/assets/img/share_dialog.png]
[www.webbytron.com/docs/android/assets/img/apppublishingservice-android.png]
[www.webbytron.com/docs/android/assets/img/screen5.png]
[www.webbytron.com/docs/android/assets/img/logo_oac.png]
[www.webbytron.com/docs/android/emoji/1.svg]
[www.webbytron.com/docs/android/emoji/2.svg]
[www.webbytron.com/docs/android/emoji/3.svg]
[www.webbytron.com/docs/android/index.html]
[www.webbytron.com/emoji/1.svg]
[www.webbytron.com/emoji/2.svg]
[www.webbytron.com/assets/css/fonts/slick.svg]
[www.webbytron.com/assets/fonts/fontawesome-webfont5b62.html]
[www.webbytron.com/assets/fonts/fontawesome-webfontd41d.html]
[www.webbytron.com/assets/fonts/fontawesome-webfont5b62-2.html]
[www.webbytron.com/assets/fonts/fontawesome-webfont5b62-3.html]
[www.webbytron.com/assets/fonts/fontawesome-webfont5b62-4.html]
[www.webbytron.com/assets/fonts/simple-line-iconsc05f.html]
[www.webbytron.com/assets/fonts/simple-line-iconsc05f-2.html]
[www.webbytron.com/assets/fonts/simple-line-iconsc05f-3.html]
[www.webbytron.com/assets/fonts/iconsmindca27.html]
[www.webbytron.com/assets/fonts/iconsmindd41d.html]
[www.webbytron.com/assets/fonts/iconsmindca27-2.html]
[www.webbytron.com/assets/fonts/iconsmindca27-3.html]
[www.webbytron.com/assets/fonts/material-icons/MaterialIcons-Regular.html]
[www.webbytron.com/assets/images/illustrations/icons/landing-v1/chrono.svg]
[www.webbytron.com/assets/images/illustrations/icons/landing-v1/tablet-dots.svg]
[www.webbytron.com/assets/images/illustrations/icons/landing-v1/cog.svg]
[www.webbytron.com/assets/images/illustrations/icons/landing-v1/plane.svg]
[www.webbytron.com/download/ios/index.html]
[www.webbytron.com/mac/assets/css/bulma.css]
[www.webbytron.com/docs/android/emoji/4.svg]
[www.webbytron.com/mac/assets/css/ajax-loader.gif]
[www.webbytron.com/mac/assets/css/fonts/slick.eot]
[www.webbytron.com/mac/assets/css/fonts/slickd41d.eot]
[www.webbytron.com/mac/assets/css/fonts/slick.woff]
[www.webbytron.com/mac/assets/css/fonts/slick.ttf]
[www.webbytron.com/mac/assets/css/fonts/slick.svg]
[www.webbytron.com/mac/assets/fonts/simple-line-iconsc05f.ttf]
[www.webbytron.com/mac/assets/fonts/iconsmindca27.woff]
[www.webbytron.com/mac/assets/fonts/material-icons/MaterialIcons-Regular.eot]
[www.webbytron.com/mac/assets/fonts/material-icons/MaterialIcons-Regular.woff]
[www.webbytron.com/mac/assets/css/app.css]
[www.webbytron.com/mac/assets/fonts/material-icons/MaterialIcons-Regular.ttf]
[www.webbytron.com/mac/assets/css/core_green.css]
[www.webbytron.com/download/mac/index.html]
[www.webbytron.com/mac/assets/images/illustrations/icons/landing-v1/chrono.svg]
[www.webbytron.com/mac/assets/images/illustrations/icons/landing-v1/cog.svg]
[www.webbytron.com/mac/assets/images/illustrations/icons/landing-v1/laptop-dots.svg]
[www.webbytron.com/mac/assets/images/illustrations/icons/landing-v1/plane.svg]
[www.webbytron.com/mac/assets/images/illustrations/icons/landing-v1/globe-pointer.svg]
[www.webbytron.com/mac/assets/images/illustrations/icons/landing-v1/cash.svg]
[www.webbytron.com/mac/assets/images/illustrations/icons/landing-v1/components.svg]
[www.webbytron.com/mac/emoji/1.svg]
[www.webbytron.com/mac/emoji/2.svg]
[www.webbytron.com/mac/assets/images/illustrations/icons/landing-v1/tablet-dots.svg]
[www.webbytron.com/docs/iOS/assets/blueprint-css/screen.css]
[www.webbytron.com/docs/iOS/assets/blueprint-css/print.css]
[www.webbytron.com/docs/iOS/assets/blueprint-css/plugins/fancy-type/screen.css]
[cdnjs.cloudflare.com/ajax/libs/highlight.js/8.9.1/highlight.min.js]
[www.webbytron.com/docs/iOS/colorbox.js]
[www.webbytron.com/docs/iOS/assets/img/header.png]
[www.webbytron.com/docs/iOS/assets/img/welcome.png]
[www.webbytron.com/docs/iOS/assets/img/GetwebbytronForAndroid.png]
[www.webbytron.com/docs/iOS/assets/img/GetwebbytronForMac.png]
[www.webbytron.com/docs/iOS/assets/img/GetAppRatio.png]
[www.webbytron.com/docs/iOS/assets/img/file.png]
[www.webbytron.com/docs/iOS/assets/img/Configswift-img.png]
[www.webbytron.com/docs/iOS/assets/img/screen3.png]
[www.webbytron.com/docs/iOS/assets/img/screen6.png]
[www.webbytron.com/docs/iOS/assets/img/edgeinsets.png]
[www.webbytron.com/docs/iOS/assets/img/onesignal_constant.png]
[www.webbytron.com/docs/iOS/assets/img/onesignal_guide_cert.png]
[www.webbytron.com/docs/iOS/assets/img/onesignal_newmsg.png]
[www.webbytron.com/docs/iOS/assets/img/onesignal_deeplinking.png]
[www.webbytron.com/docs/iOS/assets/img/bubblepushplugin-2048x724.jpg]
[www.webbytron.com/docs/iOS/assets/img/admobglobal.png]
[www.webbytron.com/docs/iOS/assets/img/admobconstants.png]
[www.webbytron.com/docs/iOS/assets/img/fbadsconfig.png]
[www.webbytron.com/docs/iOS/assets/img/tabs.jpg]
[www.webbytron.com/docs/iOS/assets/img/cssString.png]
[www.webbytron.com/docs/iOS/assets/img/infoplist.png]
[www.webbytron.com/docs/iOS/assets/img/universallinks.png]
[www.webbytron.com/docs/iOS/assets/img/apppublishingservice-ios.png]
[www.webbytron.com/docs/iOS/assets/img/infoplist2.png]
[www.webbytron.com/docs/iOS/assets/img/screen5.png]
[www.webbytron.com/docs/iOS/assets/img/logo_oac.png]
[www.webbytron.com/docs/iOS/emoji/1.svg]
[www.webbytron.com/docs/iOS/emoji/2.svg]
[www.webbytron.com/docs/iOS/emoji/3.svg]
[www.webbytron.com/docs/ios/index.html]
[www.webbytron.com/docs/iOS/emoji/4.svg]
[www.webbytron.com/docs/android/assets/blueprint-css/src/grid.png]
[www.webbytron.com/docs/android/assets/blueprint-css/screen.css]
[www.webbytron.com/docs/android/assets/blueprint-css/print.css]
[www.webbytron.com/docs/assets/css/bootstrap-4.3.1-dist/css/bootstrap.css]
[www.webbytron.com/docs/android/assets/blueprint-css/plugins/fancy-type/screen.css]
[www.webbytron.com/favicon/apple-icon-57x57.html]
[www.webbytron.com/favicon/apple-icon-60x60.html]
[www.webbytron.com/favicon/apple-icon-72x72.html]
[www.webbytron.com/favicon/apple-icon-76x76.html]
[www.webbytron.com/favicon/apple-icon-114x114.html]
[www.webbytron.com/favicon/apple-icon-120x120.html]
[www.webbytron.com/favicon/apple-icon-144x144.html]
[www.webbytron.com/favicon/apple-icon-152x152.html]
[www.webbytron.com/favicon/apple-icon-180x180.html]
[www.webbytron.com/favicon/android-icon-192x192.html]
[www.webbytron.com/favicon/favicon-96x96.html]
[stackpath.bootstrapcdn.com/font-awesome/4.7.0/css/font-awesome.min.css]
[cdn.jsdelivr.net/gh/highlightjs/cdn-release@10.2.0/build/styles/default.min.css]
[www.webbytron.com/docs/assets/css/custom.css]
[www.webbytron.com/favicon/manifest.html]
[cdnjs.cloudflare.com/ajax/libs/prettify/r298/prettify.min.css]
[cdn.jsdelivr.net/gh/fancyapps/fancybox@3.5.7/dist/jquery.fancybox.min.css]
[www.webbytron.com/docs/android/images/loading.gif]
[www.webbytron.com/docs/android/images/controls.png]
[www.webbytron.com/docs/android/colorbox.css]
[www.webbytron.com/docs/mac/assets/blueprint-css/screen.css]
[www.webbytron.com/docs/mac/assets/blueprint-css/print.css]
[www.webbytron.com/docs/mac/assets/blueprint-css/plugins/fancy-type/screen.css]
[www.webbytron.com/docs/mac/colorbox.css]
[www.webbytron.com/docs/mac/assets/img/header.png]
[www.webbytron.com/docs/mac/assets/img/xcodefile.jpg]
[www.webbytron.com/docs/mac/assets/img/config1.png]
[www.webbytron.com/docs/mac/assets/img/config2.png]
[www.webbytron.com/docs/mac/assets/img/icon1.png]
[www.webbytron.com/docs/mac/assets/img/icon2.png]
[www.webbytron.com/docs/mac/assets/img/appname.jpg]
[www.webbytron.com/docs/mac/assets/img/change_offline_screen.jpg]
[www.webbytron.com/docs/mac/assets/img/firstrun.jpg]
[www.webbytron.com/docs/mac/assets/img/splash.jpg]
[www.webbytron.com/docs/mac/assets/img/splash2.jpg]
[www.webbytron.com/docs/mac/assets/img/inapppurchase.png]
[www.webbytron.com/docs/mac/assets/img/screen5.png]
[www.webbytron.com/docs/mac/assets/img/GetwebbytronForiOS_and_Android.png]
[www.webbytron.com/docs/mac/assets/img/GetPhotos2WebGallery.png]
[www.webbytron.com/docs/mac/assets/img/logo_oac.png]
[www.webbytron.com/docs/mac/emoji/1.svg]
[www.webbytron.com/docs/mac/emoji/2.svg]
[www.webbytron.com/docs/mac/emoji/3.svg]
[www.webbytron.com/docs/mac/index.html]
[www.webbytron.com/download/iOS/index84bd.html]
[www.webbytron.com/demo/testlinks.html]
[www.webbytron.com/download/iOS/index599b.html]
[www.webbytron.com/docs/android/emoji/1.svg]
[www.webbytron.com/docs/android/emoji/2.svg]
[www.webbytron.com/docs/android/emoji/3.svg]
[www.webbytron.com/docs/android/emoji/4.svg]
[www.webbytron.com/mac/assets/css/fonts/slick.svg]
[www.webbytron.com/mac/assets/fonts/fontawesome-webfont5b62.html]
[www.webbytron.com/mac/assets/fonts/fontawesome-webfontd41d.html]
[www.webbytron.com/mac/assets/fonts/fontawesome-webfont5b62-2.html]
[www.webbytron.com/mac/assets/fonts/fontawesome-webfont5b62-3.html]
[www.webbytron.com/mac/assets/fonts/fontawesome-webfont5b62-4.html]
[www.webbytron.com/mac/assets/fonts/simple-line-iconsc05f.html]
[www.webbytron.com/mac/assets/fonts/simple-line-iconsc05f-2.html]
[www.webbytron.com/mac/assets/fonts/simple-line-iconsc05f-3.html]
[www.webbytron.com/mac/assets/fonts/iconsmindca27.html]
[www.webbytron.com/mac/assets/fonts/iconsmindd41d.html]
[www.webbytron.com/mac/assets/fonts/iconsmindca27-2.html]
[www.webbytron.com/mac/assets/fonts/iconsmindca27-3.html]
[www.webbytron.com/mac/assets/fonts/material-icons/MaterialIcons-Regular.html]
[www.webbytron.com/mac/assets/images/illustrations/icons/landing-v1/tablet-dots.svg]
[www.webbytron.com/docs/mac/emoji/4.svg]
[www.webbytron.com/docs/iOS/assets/blueprint-css/src/grid.png]
[www.webbytron.com/docs/iOS/assets/blueprint-css/screen.css]
[www.webbytron.com/docs/iOS/assets/blueprint-css/print.css]
[www.webbytron.com/docs/iOS/assets/blueprint-css/plugins/fancy-type/screen.css]
[www.webbytron.com/download/android/index84bd.html]
[www.webbytron.com/download/android/index81b6.html]
[www.webbytron.com/docs/iOS/emoji/1.svg]
[www.webbytron.com/docs/iOS/emoji/2.svg]
[www.webbytron.com/docs/iOS/emoji/3.svg]
[www.webbytron.com/docs/iOS/emoji/4.svg]
[www.webbytron.com/docs/android/images/loading.html]
[www.webbytron.com/docs/android/images/controls.html]
[www.webbytron.com/docs/mac/assets/blueprint-css/src/grid.png]
[www.webbytron.com/docs/mac/assets/blueprint-css/screen.css]
[www.webbytron.com/docs/mac/assets/blueprint-css/print.css]
[www.webbytron.com/docs/mac/assets/blueprint-css/plugins/fancy-type/screen.css]
[www.webbytron.com/docs/mac/images/loading.gif]
[www.webbytron.com/docs/mac/images/controls.png]
[www.webbytron.com/docs/mac/colorbox.css]
[www.webbytron.com/docs/mac/emoji/1.svg]
[www.webbytron.com/docs/mac/emoji/2.svg]
[www.webbytron.com/docs/mac/emoji/3.svg]
[www.webbytron.com/docs/mac/emoji/4.svg]
[www.webbytron.com/docs/mac/images/loading.html]
[www.webbytron.com/docs/mac/images/controls.html]
